# CheckAllLinks
ok 1 - Play RVL@CheckAllLinks
# Global.DoKillByPid: 32544
# Found 716 links
ok 2 - Skip to content.DoDOMGetAttribute(["href"])
ok 3 - RapiseDocs.DoDOMGetAttribute(["href"])
ok 4 - Go to repository.DoDOMGetAttribute(["href"])
ok 5 - #.DoDOMGetAttribute(["href"])
ok 6 - User's Guide.DoDOMGetAttribute(["href"])
ok 7 - RVL.DoDOMGetAttribute(["href"])
ok 8 - Libraries.DoDOMGetAttribute(["href"])
ok 9 - Manuals.DoDOMGetAttribute(["href"])
ok 10 - KB.DoDOMGetAttribute(["href"])
ok 11 - Education.DoDOMGetAttribute(["href"])
ok 12 - Release Notes.DoDOMGetAttribute(["href"])
ok 13 - RapiseDocs.DoDOMGetAttribute(["href"])
ok 14 - Go to repository.DoDOMGetAttribute(["href"])
ok 15 - RapiseDocs.DoDOMGetAttribute(["href"])
ok 16 - Know Your Way Around.DoDOMGetAttribute(["href"])
ok 17 - Knowledge Base.DoDOMGetAttribute(["href"])
ok 18 - Automation Tips.DoDOMGetAttribute(["href"])
ok 19 - DevOps.DoDOMGetAttribute(["href"])
ok 20 - Data-Driven Testing.DoDOMGetAttribute(["href"])
ok 21 - Frameworks.DoDOMGetAttribute(["href"])
ok 22 - Parameters and Configurations.DoDOMGetAttribute(["href"])
ok 23 - Page Objects / Modules.DoDOMGetAttribute(["href"])
ok 24 - Cheatsheet.DoDOMGetAttribute(["href"])
ok 25 - About this Guide.DoDOMGetAttribute(["href"])
ok 26 - Overview.DoDOMGetAttribute(["href"])
ok 27 - Samples Index.DoDOMGetAttribute(["href"])
ok 28 - Using Rapise Visual Language.DoDOMGetAttribute(["href"])
ok 29 - Using JavaScript.DoDOMGetAttribute(["href"])
ok 30 - Mobile Testing using Android.DoDOMGetAttribute(["href"])
ok 31 - Mobile Testing using iOS.DoDOMGetAttribute(["href"])
ok 32 - Using Rapise Visual Language.DoDOMGetAttribute(["href"])
ok 33 - Using JavaScript.DoDOMGetAttribute(["href"])
ok 34 - REST Web Services.DoDOMGetAttribute(["href"])
ok 35 - SOAP Web Services.DoDOMGetAttribute(["href"])
ok 36 - Tutorial: Manual Testing.DoDOMGetAttribute(["href"])
ok 37 - Using Rapise Visual Language.DoDOMGetAttribute(["href"])
ok 38 - Using JavaScript.DoDOMGetAttribute(["href"])
ok 39 - Using Rapise Visual Language.DoDOMGetAttribute(["href"])
ok 40 - Using JavaScript.DoDOMGetAttribute(["href"])
ok 41 - Features.DoDOMGetAttribute(["href"])
ok 42 - Recording and Learning.DoDOMGetAttribute(["href"])
ok 43 - Recording.DoDOMGetAttribute(["href"])
ok 44 - Learning.DoDOMGetAttribute(["href"])
ok 45 - Multiple Recordings.DoDOMGetAttribute(["href"])
ok 46 - Analog Recording.DoDOMGetAttribute(["href"])
ok 47 - Absolute Analog Recording.DoDOMGetAttribute(["href"])
ok 48 - Relative Analog Recording.DoDOMGetAttribute(["href"])
ok 49 - Simulated Objects.DoDOMGetAttribute(["href"])
ok 50 - Object Manager.DoDOMGetAttribute(["href"])
ok 51 - Object Libraries.DoDOMGetAttribute(["href"])
ok 52 - Custom Libraries.DoDOMGetAttribute(["href"])
ok 53 - Actions.DoDOMGetAttribute(["href"])
ok 54 - Object Spy.DoDOMGetAttribute(["href"])
ok 55 - Accessible (MSAA) Spy.DoDOMGetAttribute(["href"])
ok 56 - Java Spy.DoDOMGetAttribute(["href"])
ok 57 - Managed (.NET) Spy.DoDOMGetAttribute(["href"])
ok 58 - Mobile Spy.DoDOMGetAttribute(["href"])
ok 59 - UI Automation Spy.DoDOMGetAttribute(["href"])
ok 60 - Web Spy.DoDOMGetAttribute(["href"])
ok 61 - Playback.DoDOMGetAttribute(["href"])
ok 62 - Command Line.DoDOMGetAttribute(["href"])
ok 63 - Object Locator.DoDOMGetAttribute(["href"])
ok 64 - Taking Screenshots.DoDOMGetAttribute(["href"])
ok 65 - Data-Driven Testing.DoDOMGetAttribute(["href"])
ok 66 - Automated Reporting.DoDOMGetAttribute(["href"])
ok 67 - Writing to the Report.DoDOMGetAttribute(["href"])
ok 68 - Report Filtering.DoDOMGetAttribute(["href"])
ok 69 - Tests and Sub-Tests.DoDOMGetAttribute(["href"])
ok 70 - Visual Language (RVL).DoDOMGetAttribute(["href"])
ok 71 - Scripting.DoDOMGetAttribute(["href"])
ok 72 - JScript Language Reference.DoDOMGetAttribute(["href"])
ok 73 - Understanding the Script.DoDOMGetAttribute(["href"])
ok 74 - Naming Conventions.DoDOMGetAttribute(["href"])
ok 75 - Defining Functions.DoDOMGetAttribute(["href"])
ok 76 - Global Variables.DoDOMGetAttribute(["href"])
ok 77 - Including other Files.DoDOMGetAttribute(["href"])
ok 78 - Regular Expressions.DoDOMGetAttribute(["href"])
ok 79 - Assert Statements.DoDOMGetAttribute(["href"])
ok 80 - Data Driven Testing.DoDOMGetAttribute(["href"])
ok 81 - Customizable Engine.DoDOMGetAttribute(["href"])
ok 82 - Scenarios.DoDOMGetAttribute(["href"])
ok 83 - Checkpoints.DoDOMGetAttribute(["href"])
ok 84 - JavaScript IDE.DoDOMGetAttribute(["href"])
ok 85 - Internal Debugger.DoDOMGetAttribute(["href"])
ok 86 - Tooltips.DoDOMGetAttribute(["href"])
ok 87 - Control Execution.DoDOMGetAttribute(["href"])
ok 88 - Breakpoints.DoDOMGetAttribute(["href"])
ok 89 - Verbosity Levels.DoDOMGetAttribute(["href"])
ok 90 - Syntax Highlighting.DoDOMGetAttribute(["href"])
ok 91 - Code Folding.DoDOMGetAttribute(["href"])
ok 92 - Syntax Checking.DoDOMGetAttribute(["href"])
ok 93 - Code Completion.DoDOMGetAttribute(["href"])
ok 94 - Manual Testing.DoDOMGetAttribute(["href"])
ok 95 - Manual Recording.DoDOMGetAttribute(["href"])
ok 96 - Manual Playback.DoDOMGetAttribute(["href"])
ok 97 - Semi-Manual Testing.DoDOMGetAttribute(["href"])
ok 98 - Unit Testing.DoDOMGetAttribute(["href"])
ok 99 - Visual Studio.DoDOMGetAttribute(["href"])
ok 100 - NUnit.DoDOMGetAttribute(["href"])
ok 101 - DLL Testing.DoDOMGetAttribute(["href"])
ok 102 - COM Testing Support.DoDOMGetAttribute(["href"])
ok 103 - TAP Results.DoDOMGetAttribute(["href"])
ok 104 - Convert Functional to Load Test.DoDOMGetAttribute(["href"])
ok 105 - Spira Dashboard.DoDOMGetAttribute(["href"])
ok 106 - SpiraTest Integration.DoDOMGetAttribute(["href"])
ok 107 - Azure DevOps Integration.DoDOMGetAttribute(["href"])
ok 108 - RapiseLauncher Extension for Azure DevOps.DoDOMGetAttribute(["href"])
ok 109 - Git Integration.DoDOMGetAttribute(["href"])
ok 110 - Dialogs, Views, and Menus.DoDOMGetAttribute(["href"])
ok 111 - Add Web Service Dialog.DoDOMGetAttribute(["href"])
ok 112 - Browser Settings Dialog.DoDOMGetAttribute(["href"])
ok 113 - Content View.DoDOMGetAttribute(["href"])
ok 114 - Create New Test Dialog.DoDOMGetAttribute(["href"])
ok 115 - Create Sub-Test Dialog.DoDOMGetAttribute(["href"])
ok 116 - Choose Test Case.DoDOMGetAttribute(["href"])
ok 117 - Choose Parameters.DoDOMGetAttribute(["href"])
ok 118 - Enter Filter Criteria For... Dialog.DoDOMGetAttribute(["href"])
ok 119 - Errors View.DoDOMGetAttribute(["href"])
ok 120 - Find and Replace Dialog.DoDOMGetAttribute(["href"])
ok 121 - Find Results View.DoDOMGetAttribute(["href"])
ok 122 - Find Text dialog.DoDOMGetAttribute(["href"])
ok 123 - Image Capture.DoDOMGetAttribute(["href"])
ok 124 - Manual Playback.DoDOMGetAttribute(["href"])
ok 125 - Manual Test Editor.DoDOMGetAttribute(["href"])
ok 126 - Main Menu and Toolbars.DoDOMGetAttribute(["href"])
ok 127 - Mobile Settings Dialog.DoDOMGetAttribute(["href"])
ok 128 - Mobile Test Locator Dialog.DoDOMGetAttribute(["href"])
ok 129 - NameValue Collection Editor Dialog.DoDOMGetAttribute(["href"])
ok 130 - Object Tree View.DoDOMGetAttribute(["href"])
ok 131 - Output View.DoDOMGetAttribute(["href"])
ok 132 - Properties Dialog.DoDOMGetAttribute(["href"])
ok 133 - Rapise Settings Dialog.DoDOMGetAttribute(["href"])
ok 134 - Recording Activity Dialog.DoDOMGetAttribute(["href"])
ok 135 - Replace Text Dialog.DoDOMGetAttribute(["href"])
ok 136 - Report Viewer.DoDOMGetAttribute(["href"])
ok 137 - REST Definition Editor.DoDOMGetAttribute(["href"])
ok 138 - RVL Editor.DoDOMGetAttribute(["href"])
ok 139 - Scripting Choice Dialog.DoDOMGetAttribute(["href"])
ok 140 - Select an Application to Record... Dialog.DoDOMGetAttribute(["href"])
ok 141 - Selenium Settings Dialog.DoDOMGetAttribute(["href"])
ok 142 - SOAP Definition Editor.DoDOMGetAttribute(["href"])
ok 143 - Source Editor.DoDOMGetAttribute(["href"])
ok 144 - Spira Dashboard.DoDOMGetAttribute(["href"])
ok 145 - Spira Properties Dialog.DoDOMGetAttribute(["href"])
ok 146 - Spreadsheet Viewer.DoDOMGetAttribute(["href"])
ok 147 - Spy Dialog.DoDOMGetAttribute(["href"])
ok 148 - Start Page.DoDOMGetAttribute(["href"])
ok 149 - Test Files View.DoDOMGetAttribute(["href"])
ok 150 - Test Settings Dialog.DoDOMGetAttribute(["href"])
ok 151 - Toolbar: REST.DoDOMGetAttribute(["href"])
ok 152 - Toolbar: SOAP.DoDOMGetAttribute(["href"])
ok 153 - Toolbar: Spreadsheet.DoDOMGetAttribute(["href"])
ok 154 - Variable/Call Stack View.DoDOMGetAttribute(["href"])
ok 155 - Verify Object Properties Dialog.DoDOMGetAttribute(["href"])
ok 156 - Warning View.DoDOMGetAttribute(["href"])
ok 157 - Watch View.DoDOMGetAttribute(["href"])
ok 158 - Web Spy Settings.DoDOMGetAttribute(["href"])
ok 159 - HowTos.DoDOMGetAttribute(["href"])
ok 160 - Accessing Files and I/O Functions.DoDOMGetAttribute(["href"])
ok 161 - Change Test Entry Point.DoDOMGetAttribute(["href"])
ok 162 - Change the Libraries Being Used.DoDOMGetAttribute(["href"])
ok 163 - Changing the URL of Website being Tested.DoDOMGetAttribute(["href"])
ok 164 - Create a New Test.DoDOMGetAttribute(["href"])
ok 165 - Deal with a Simulated Object.DoDOMGetAttribute(["href"])
ok 166 - Detecting the Presence of an Object.DoDOMGetAttribute(["href"])
ok 167 - Do Absolute Analog Recording.DoDOMGetAttribute(["href"])
ok 168 - Do Relative Analog Recording.DoDOMGetAttribute(["href"])
ok 169 - Extracting Test Data From an Excel Spreadsheet.DoDOMGetAttribute(["href"])
ok 170 - Learn an Object.DoDOMGetAttribute(["href"])
ok 171 - Object Not Found - How to Fix.DoDOMGetAttribute(["href"])
ok 172 - Open a Test.DoDOMGetAttribute(["href"])
ok 173 - Restoring the Default Layout.DoDOMGetAttribute(["href"])
ok 174 - Sending Special Keys to the Current Application.DoDOMGetAttribute(["href"])
ok 175 - Technologies.DoDOMGetAttribute(["href"])
ok 176 - Desktop Testing.DoDOMGetAttribute(["href"])
ok 177 - Mobile Testing.DoDOMGetAttribute(["href"])
ok 178 - Preparing Environment for iOS Mobile Testing.DoDOMGetAttribute(["href"])
ok 179 - Mobile Testing using iOS.DoDOMGetAttribute(["href"])
ok 180 - Preparing Environment for Android Mobile Testing.DoDOMGetAttribute(["href"])
ok 181 - Mobile Testing using Android.DoDOMGetAttribute(["href"])
ok 182 - Mobile Settings Dialog.DoDOMGetAttribute(["href"])
ok 183 - Mobile Spy.DoDOMGetAttribute(["href"])
ok 184 - Mobile Test Locator Dialog.DoDOMGetAttribute(["href"])
ok 185 - Reconnect Mobile Session.DoDOMGetAttribute(["href"])
ok 186 - Web Testing.DoDOMGetAttribute(["href"])
ok 187 - Cross Browser Testing.DoDOMGetAttribute(["href"])
ok 188 - Web Application Profile.DoDOMGetAttribute(["href"])
ok 189 - Self-healing Locators.DoDOMGetAttribute(["href"])
ok 190 - XPath.DoDOMGetAttribute(["href"])
ok 191 - CSS.DoDOMGetAttribute(["href"])
ok 192 - Web Spy.DoDOMGetAttribute(["href"])
ok 193 - Setting Up Web Browsers.DoDOMGetAttribute(["href"])
ok 194 - Browser Settings Dialog.DoDOMGetAttribute(["href"])
ok 195 - Selenium WebDriver.DoDOMGetAttribute(["href"])
ok 196 - Setting Up Selenium.DoDOMGetAttribute(["href"])
ok 197 - Selenium Settings Dialog.DoDOMGetAttribute(["href"])
ok 198 - Using Native Selenium Code.DoDOMGetAttribute(["href"])
ok 199 - Reconnect WebDriver Session.DoDOMGetAttribute(["href"])
ok 200 - Web Service Testing.DoDOMGetAttribute(["href"])
ok 201 - Testing REST Web Services.DoDOMGetAttribute(["href"])
ok 202 - Testing SOAP Web Services.DoDOMGetAttribute(["href"])
ok 203 - Microsoft Dynamics.DoDOMGetAttribute(["href"])
ok 204 - Dynamics AX.DoDOMGetAttribute(["href"])
ok 205 - Dynamics NAV.DoDOMGetAttribute(["href"])
ok 206 - Dynamics CRM/365 for Sales.DoDOMGetAttribute(["href"])
ok 207 - Dynamics 365 for Operations.DoDOMGetAttribute(["href"])
ok 208 - Unified Service Desk.DoDOMGetAttribute(["href"])
ok 209 - Salesforce.com.DoDOMGetAttribute(["href"])
ok 210 - Qt Framework.DoDOMGetAttribute(["href"])
ok 211 - Java AWT/Swing.DoDOMGetAttribute(["href"])
ok 212 - Java SWT.DoDOMGetAttribute(["href"])
ok 213 - Oracle Forms.DoDOMGetAttribute(["href"])
ok 214 - Extensibility.DoDOMGetAttribute(["href"])
ok 215 - Tutorial: Custom Library.DoDOMGetAttribute(["href"])
ok 216 - Defining Global Objects.DoDOMGetAttribute(["href"])
ok 217 - Glossary.DoDOMGetAttribute(["href"])
ok 218 - Company & Copyright.DoDOMGetAttribute(["href"])
ok 219 - About.DoDOMGetAttribute(["href"])
ok 220 - Why RVL?.DoDOMGetAttribute(["href"])
ok 221 - RVL Editor.DoDOMGetAttribute(["href"])
ok 222 - Sheets.DoDOMGetAttribute(["href"])
ok 223 - Columns.DoDOMGetAttribute(["href"])
ok 224 - Comments.DoDOMGetAttribute(["href"])
ok 225 - Conditions.DoDOMGetAttribute(["href"])
ok 226 - Actions.DoDOMGetAttribute(["href"])
ok 227 - Parameters.DoDOMGetAttribute(["href"])
ok 228 - Variables.DoDOMGetAttribute(["href"])
ok 229 - Assertions.DoDOMGetAttribute(["href"])
ok 230 - If Else.DoDOMGetAttribute(["href"])
ok 231 - Maps.DoDOMGetAttribute(["href"])
ok 232 - Loops.DoDOMGetAttribute(["href"])
ok 233 - Preamble.DoDOMGetAttribute(["href"])
ok 234 - RVL Object.DoDOMGetAttribute(["href"])
ok 235 - Map Object.DoDOMGetAttribute(["href"])
ok 236 - Input Parameters.DoDOMGetAttribute(["href"])
ok 237 - Libraries.DoDOMGetAttribute(["href"])
ok 238 - Global Objects.DoDOMGetAttribute(["href"])
ok 239 - Android.DoDOMGetAttribute(["href"])
ok 240 - Database.DoDOMGetAttribute(["href"])
ok 241 - File.DoDOMGetAttribute(["href"])
ok 242 - Generator.DoDOMGetAttribute(["href"])
ok 243 - Global.DoDOMGetAttribute(["href"])
ok 244 - iOS.DoDOMGetAttribute(["href"])
ok 245 - Navigator.DoDOMGetAttribute(["href"])
ok 246 - Screenshot.DoDOMGetAttribute(["href"])
ok 247 - SeSReportException.DoDOMGetAttribute(["href"])
ok 248 - SeSReportFile.DoDOMGetAttribute(["href"])
ok 249 - SeSReportImage.DoDOMGetAttribute(["href"])
ok 250 - SeSReportLink.DoDOMGetAttribute(["href"])
ok 251 - SeSReportText.DoDOMGetAttribute(["href"])
ok 252 - Session.DoDOMGetAttribute(["href"])
ok 253 - Spira.DoDOMGetAttribute(["href"])
ok 254 - Spreadsheet.DoDOMGetAttribute(["href"])
ok 255 - Tester.DoDOMGetAttribute(["href"])
ok 256 - Text.DoDOMGetAttribute(["href"])
ok 257 - WebDriver.DoDOMGetAttribute(["href"])
ok 258 - RVL Object.DoDOMGetAttribute(["href"])
ok 259 - Map Object.DoDOMGetAttribute(["href"])
ok 260 - Generic Objects.DoDOMGetAttribute(["href"])
ok 261 - SeSSimulatedObject.DoDOMGetAttribute(["href"])
ok 262 - Win32Button.DoDOMGetAttribute(["href"])
ok 263 - Win32CheckButton.DoDOMGetAttribute(["href"])
ok 264 - Win32ComboBox.DoDOMGetAttribute(["href"])
ok 265 - Win32ComboBoxEdit.DoDOMGetAttribute(["href"])
ok 266 - Win32ContextMenu.DoDOMGetAttribute(["href"])
ok 267 - Win32Link.DoDOMGetAttribute(["href"])
ok 268 - Win32List.DoDOMGetAttribute(["href"])
ok 269 - Win32ListCheckable.DoDOMGetAttribute(["href"])
ok 270 - Win32MenuBar.DoDOMGetAttribute(["href"])
ok 271 - Win32Outline.DoDOMGetAttribute(["href"])
ok 272 - Win32PopupMenu.DoDOMGetAttribute(["href"])
ok 273 - Win32RadioButton.DoDOMGetAttribute(["href"])
ok 274 - Win32StaticText.DoDOMGetAttribute(["href"])
ok 275 - Win32Text.DoDOMGetAttribute(["href"])
ok 276 - Win32TreeCheckable.DoDOMGetAttribute(["href"])
ok 277 - UIAutomation Objects.DoDOMGetAttribute(["href"])
ok 278 - UIAButton.DoDOMGetAttribute(["href"])
ok 279 - UIACheckBox.DoDOMGetAttribute(["href"])
ok 280 - UIAComboBox.DoDOMGetAttribute(["href"])
ok 281 - UIAComboBoxEdit.DoDOMGetAttribute(["href"])
ok 282 - UIAHyperlink.DoDOMGetAttribute(["href"])
ok 283 - UIALabel.DoDOMGetAttribute(["href"])
ok 284 - UIAList.DoDOMGetAttribute(["href"])
ok 285 - UIAMenu.DoDOMGetAttribute(["href"])
ok 286 - UIAObject.DoDOMGetAttribute(["href"])
ok 287 - UIAProgressBar.DoDOMGetAttribute(["href"])
ok 288 - UIARadioButton.DoDOMGetAttribute(["href"])
ok 289 - UIASlider.DoDOMGetAttribute(["href"])
ok 290 - UIATabControl.DoDOMGetAttribute(["href"])
ok 291 - UIATextBlock.DoDOMGetAttribute(["href"])
ok 292 - UIATextBox.DoDOMGetAttribute(["href"])
ok 293 - UIATree.DoDOMGetAttribute(["href"])
ok 294 - UIAutomationMenuDropDown.DoDOMGetAttribute(["href"])
ok 295 - UIAutomationMenuDropDownList.DoDOMGetAttribute(["href"])
ok 296 - UIAutomationMenuItem.DoDOMGetAttribute(["href"])
ok 297 - Managed Objects.DoDOMGetAttribute(["href"])
ok 298 - ManagedButton.DoDOMGetAttribute(["href"])
ok 299 - ManagedCheckBox.DoDOMGetAttribute(["href"])
ok 300 - ManagedCheckedListBox.DoDOMGetAttribute(["href"])
ok 301 - ManagedComboBox.DoDOMGetAttribute(["href"])
ok 302 - ManagedDataGridView.DoDOMGetAttribute(["href"])
ok 303 - ManagedLabel.DoDOMGetAttribute(["href"])
ok 304 - ManagedLinkLabel.DoDOMGetAttribute(["href"])
ok 305 - ManagedListBox.DoDOMGetAttribute(["href"])
ok 306 - ManagedListView.DoDOMGetAttribute(["href"])
ok 307 - ManagedMenuPopupItem.DoDOMGetAttribute(["href"])
ok 308 - ManagedMenuStrip.DoDOMGetAttribute(["href"])
ok 309 - ManagedObject.DoDOMGetAttribute(["href"])
ok 310 - ManagedPopupListBox.DoDOMGetAttribute(["href"])
ok 311 - ManagedPropertyGrid.DoDOMGetAttribute(["href"])
ok 312 - ManagedRadioButton.DoDOMGetAttribute(["href"])
ok 313 - ManagedStatusBar.DoDOMGetAttribute(["href"])
ok 314 - ManagedTextBox.DoDOMGetAttribute(["href"])
ok 315 - ManagedTreeView.DoDOMGetAttribute(["href"])
ok 316 - DevExpress Objects.DoDOMGetAttribute(["href"])
ok 317 - DXButtonEdit.DoDOMGetAttribute(["href"])
ok 318 - DXCalcEdit.DoDOMGetAttribute(["href"])
ok 319 - DXCheckButton.DoDOMGetAttribute(["href"])
ok 320 - DXCheckedComboBoxEdit.DoDOMGetAttribute(["href"])
ok 321 - DXCheckEdit.DoDOMGetAttribute(["href"])
ok 322 - DXCheckedListBoxControl.DoDOMGetAttribute(["href"])
ok 323 - DXColorEdit.DoDOMGetAttribute(["href"])
ok 324 - DXComboBoxEdit.DoDOMGetAttribute(["href"])
ok 325 - DXDateEdit.DoDOMGetAttribute(["href"])
ok 326 - DXDockedBarControl.DoDOMGetAttribute(["href"])
ok 327 - DXDockPanel.DoDOMGetAttribute(["href"])
ok 328 - DXDocumentsHost.DoDOMGetAttribute(["href"])
ok 329 - DXDropDownButton.DoDOMGetAttribute(["href"])
ok 330 - DXFontEdit.DoDOMGetAttribute(["href"])
ok 331 - DXGridControl.DoDOMGetAttribute(["href"])
ok 332 - DXHyperLinkEdit.DoDOMGetAttribute(["href"])
ok 333 - DXImageComboBoxEdit.DoDOMGetAttribute(["href"])
ok 334 - DXImageEdit.DoDOMGetAttribute(["href"])
ok 335 - DXImageListBoxControl.DoDOMGetAttribute(["href"])
ok 336 - DXListBoxControl.DoDOMGetAttribute(["href"])
ok 337 - DXLookUpEdit.DoDOMGetAttribute(["href"])
ok 338 - DXMarqueeProgressBarControl.DoDOMGetAttribute(["href"])
ok 339 - DXMaskBox.DoDOMGetAttribute(["href"])
ok 340 - DXMemoEdit.DoDOMGetAttribute(["href"])
ok 341 - DXMemoExEdit.DoDOMGetAttribute(["href"])
ok 342 - DXMRUEdit.DoDOMGetAttribute(["href"])
ok 343 - DXNavBarControl.DoDOMGetAttribute(["href"])
ok 344 - DXPopupBarControl.DoDOMGetAttribute(["href"])
ok 345 - DXPopupContainerEdit.DoDOMGetAttribute(["href"])
ok 346 - DXPopupLookUpEditForm.DoDOMGetAttribute(["href"])
ok 347 - DXProgressBarControl.DoDOMGetAttribute(["href"])
ok 348 - DXPropertyGridControl.DoDOMGetAttribute(["href"])
ok 349 - DXRadioGroup.DoDOMGetAttribute(["href"])
ok 350 - DXRangeTrackBarControl.DoDOMGetAttribute(["href"])
ok 351 - DXRibbon.DoDOMGetAttribute(["href"])
ok 352 - DXSimpleButton.DoDOMGetAttribute(["href"])
ok 353 - DXSpinEdit.DoDOMGetAttribute(["href"])
ok 354 - DXTabControl.DoDOMGetAttribute(["href"])
ok 355 - DXTextEdit.DoDOMGetAttribute(["href"])
ok 356 - DXTextEditMasked.DoDOMGetAttribute(["href"])
ok 357 - DXTimeEdit.DoDOMGetAttribute(["href"])
ok 358 - DXTrackBarControl.DoDOMGetAttribute(["href"])
ok 359 - DXTreeList.DoDOMGetAttribute(["href"])
ok 360 - DXZoomTrackBarControl.DoDOMGetAttribute(["href"])
ok 361 - Infragistics Objects.DoDOMGetAttribute(["href"])
ok 362 - AnimationControl.DoDOMGetAttribute(["href"])
ok 363 - UltraAppMenu.DoDOMGetAttribute(["href"])
ok 364 - UltraButton.DoDOMGetAttribute(["href"])
ok 365 - UltraCheckEditor.DoDOMGetAttribute(["href"])
ok 366 - UltraColorPicker.DoDOMGetAttribute(["href"])
ok 367 - UltraComboEditor.DoDOMGetAttribute(["href"])
ok 368 - UltraCurrencyEditor.DoDOMGetAttribute(["href"])
ok 369 - UltraDropDownButton.DoDOMGetAttribute(["href"])
ok 370 - UltraFontNameEditor.DoDOMGetAttribute(["href"])
ok 371 - UltraFormattedLinkLabel.DoDOMGetAttribute(["href"])
ok 372 - UltraFormattedTextEditor.DoDOMGetAttribute(["href"])
ok 373 - UltraGrid.DoDOMGetAttribute(["href"])
ok 374 - UltraLabel.DoDOMGetAttribute(["href"])
ok 375 - UltraListBar.DoDOMGetAttribute(["href"])
ok 376 - UltraListView.DoDOMGetAttribute(["href"])
ok 377 - UltraMaskedEdit.DoDOMGetAttribute(["href"])
ok 378 - UltraMdiTabGroupControl.DoDOMGetAttribute(["href"])
ok 379 - UltraNumericEditor.DoDOMGetAttribute(["href"])
ok 380 - UltraOptionSet.DoDOMGetAttribute(["href"])
ok 381 - UltraPopupMenu.DoDOMGetAttribute(["href"])
ok 382 - UltraProgressBar.DoDOMGetAttribute(["href"])
ok 383 - UltraRibbon.DoDOMGetAttribute(["href"])
ok 384 - UltraStatusBar.DoDOMGetAttribute(["href"])
ok 385 - UltraTabControl.DoDOMGetAttribute(["href"])
ok 386 - UltraTextEditor.DoDOMGetAttribute(["href"])
ok 387 - UltraTimeZoneEditor.DoDOMGetAttribute(["href"])
ok 388 - UltraTree.DoDOMGetAttribute(["href"])
ok 389 - ValueListDropDownUnsafe.DoDOMGetAttribute(["href"])
ok 390 - Syncfusion Objects.DoDOMGetAttribute(["href"])
ok 391 - SyncfusionGrouping.DoDOMGetAttribute(["href"])
ok 392 - SyncfusionRibbon.DoDOMGetAttribute(["href"])
ok 393 - Telerik Objects.DoDOMGetAttribute(["href"])
ok 394 - TelerikDropDownPopupForm.DoDOMGetAttribute(["href"])
ok 395 - TelerikRadApplicationMenu.DoDOMGetAttribute(["href"])
ok 396 - TelerikRadApplicationMenuDropDown.DoDOMGetAttribute(["href"])
ok 397 - TelerikRadButton.DoDOMGetAttribute(["href"])
ok 398 - TelerikRadCheckBox.DoDOMGetAttribute(["href"])
ok 399 - TelerikRadDateTimePicker.DoDOMGetAttribute(["href"])
ok 400 - TelerikRadDropDownButton.DoDOMGetAttribute(["href"])
ok 401 - TelerikRadDropDownButtonPopup.DoDOMGetAttribute(["href"])
ok 402 - TelerikRadDropDownList.DoDOMGetAttribute(["href"])
ok 403 - TelerikRadDropDownMenu.DoDOMGetAttribute(["href"])
ok 404 - TelerikRadGridView.DoDOMGetAttribute(["href"])
ok 405 - TelerikRadLabel.DoDOMGetAttribute(["href"])
ok 406 - TelerikRadListControl.DoDOMGetAttribute(["href"])
ok 407 - TelerikRadMaskedEditBox.DoDOMGetAttribute(["href"])
ok 408 - TelerikRadMenu.DoDOMGetAttribute(["href"])
ok 409 - TelerikRadProgressBar.DoDOMGetAttribute(["href"])
ok 410 - TelerikRadRadioButton.DoDOMGetAttribute(["href"])
ok 411 - TelerikRadRibbonBar.DoDOMGetAttribute(["href"])
ok 412 - TelerikRadSpinEditor.DoDOMGetAttribute(["href"])
ok 413 - TelerikRadTextBox.DoDOMGetAttribute(["href"])
ok 414 - TelerikRadTitleBar.DoDOMGetAttribute(["href"])
ok 415 - TelerikRadToggleButton.DoDOMGetAttribute(["href"])
ok 416 - TelerikRadToolStrip.DoDOMGetAttribute(["href"])
ok 417 - TelerikRadTrackBar.DoDOMGetAttribute(["href"])
ok 418 - TelerikRadTreeView.DoDOMGetAttribute(["href"])
ok 419 - Advanced Accessibility Objects.DoDOMGetAttribute(["href"])
ok 420 - SimpleButton.DoDOMGetAttribute(["href"])
ok 421 - SimpleButtonDropdown.DoDOMGetAttribute(["href"])
ok 422 - SimpleCheckButton.DoDOMGetAttribute(["href"])
ok 423 - SimpleComboBox.DoDOMGetAttribute(["href"])
ok 424 - SimpleGraphics.DoDOMGetAttribute(["href"])
ok 425 - SimpleLink.DoDOMGetAttribute(["href"])
ok 426 - SimpleLinkText.DoDOMGetAttribute(["href"])
ok 427 - SimpleList.DoDOMGetAttribute(["href"])
ok 428 - SimpleOutline.DoDOMGetAttribute(["href"])
ok 429 - SimpleRadioButton.DoDOMGetAttribute(["href"])
ok 430 - SimpleText.DoDOMGetAttribute(["href"])
ok 431 - ActiveX Objects.DoDOMGetAttribute(["href"])
ok 432 - ActiveXObject.DoDOMGetAttribute(["href"])
ok 433 - MSComCtlSlider20.DoDOMGetAttribute(["href"])
ok 434 - MSComCtlToolbar.DoDOMGetAttribute(["href"])
ok 435 - MSComCtlTreeView20.DoDOMGetAttribute(["href"])
ok 436 - MSComList.DoDOMGetAttribute(["href"])
ok 437 - MSFlexGrid.DoDOMGetAttribute(["href"])
ok 438 - SSTab.DoDOMGetAttribute(["href"])
ok 439 - TabStrip20.DoDOMGetAttribute(["href"])
ok 440 - ActiveXC1 Objects.DoDOMGetAttribute(["href"])
ok 441 - C1TrueDBGrid.DoDOMGetAttribute(["href"])
ok 442 - C1TrueDBList.DoDOMGetAttribute(["href"])
ok 443 - C1TrueDBListCombo.DoDOMGetAttribute(["href"])
ok 444 - ActiveXSft Objects.DoDOMGetAttribute(["href"])
ok 445 - SftTree.DoDOMGetAttribute(["href"])
ok 446 - FarPoint Objects.DoDOMGetAttribute(["href"])
ok 447 - FarPointGrid.DoDOMGetAttribute(["href"])
ok 448 - FarPointGridAX.DoDOMGetAttribute(["href"])
ok 449 - VSFlexGrid Objects.DoDOMGetAttribute(["href"])
ok 450 - VSFlexGrid.DoDOMGetAttribute(["href"])
ok 451 - Java Objects.DoDOMGetAttribute(["href"])
ok 452 - JavaButton.DoDOMGetAttribute(["href"])
ok 453 - JavaCheckBox.DoDOMGetAttribute(["href"])
ok 454 - JavaChoice.DoDOMGetAttribute(["href"])
ok 455 - JavaLabel.DoDOMGetAttribute(["href"])
ok 456 - JavaList.DoDOMGetAttribute(["href"])
ok 457 - JavaObject.DoDOMGetAttribute(["href"])
ok 458 - JavaSwingButton.DoDOMGetAttribute(["href"])
ok 459 - JavaSwingCheckBox.DoDOMGetAttribute(["href"])
ok 460 - JavaSwingComboBox.DoDOMGetAttribute(["href"])
ok 461 - JavaSwingLabel.DoDOMGetAttribute(["href"])
ok 462 - JavaSwingList.DoDOMGetAttribute(["href"])
ok 463 - JavaSwingMenuBar.DoDOMGetAttribute(["href"])
ok 464 - JavaSwingPasswordField.DoDOMGetAttribute(["href"])
ok 465 - JavaSwingPopupMenu.DoDOMGetAttribute(["href"])
ok 466 - JavaSwingProgressBar.DoDOMGetAttribute(["href"])
ok 467 - JavaSwingRadioButton.DoDOMGetAttribute(["href"])
ok 468 - JavaSwingSlider.DoDOMGetAttribute(["href"])
ok 469 - JavaSwingTable.DoDOMGetAttribute(["href"])
ok 470 - JavaSwingTextArea.DoDOMGetAttribute(["href"])
ok 471 - JavaSwingTextField.DoDOMGetAttribute(["href"])
ok 472 - JavaSwingToggleButton.DoDOMGetAttribute(["href"])
ok 473 - JavaSwingTree.DoDOMGetAttribute(["href"])
ok 474 - JavaTextArea.DoDOMGetAttribute(["href"])
ok 475 - JavaTextField.DoDOMGetAttribute(["href"])
ok 476 - OracleForms Objects.DoDOMGetAttribute(["href"])
ok 477 - GlassMouseGrabProvider$Proxy.DoDOMGetAttribute(["href"])
ok 478 - LWCheckbox.DoDOMGetAttribute(["href"])
ok 479 - LWTextComponent.DoDOMGetAttribute(["href"])
ok 480 - OFTabBar.DoDOMGetAttribute(["href"])
ok 481 - OFToolBar.DoDOMGetAttribute(["href"])
ok 482 - OracleEnhLabledIconButton.DoDOMGetAttribute(["href"])
ok 483 - OracleFormsMenuBar.DoDOMGetAttribute(["href"])
ok 484 - OracleFormsObject.DoDOMGetAttribute(["href"])
ok 485 - OracleFormsTable.DoDOMGetAttribute(["href"])
ok 486 - OraclePushButton.DoDOMGetAttribute(["href"])
ok 487 - VButton.DoDOMGetAttribute(["href"])
ok 488 - VCheckbox.DoDOMGetAttribute(["href"])
ok 489 - VComboBox.DoDOMGetAttribute(["href"])
ok 490 - VPopList.DoDOMGetAttribute(["href"])
ok 491 - VTextField.DoDOMGetAttribute(["href"])
ok 492 - SWT Objects.DoDOMGetAttribute(["href"])
ok 493 - SWTComboBox.DoDOMGetAttribute(["href"])
ok 494 - SWTComboBoxEdit.DoDOMGetAttribute(["href"])
ok 495 - SWTList.DoDOMGetAttribute(["href"])
ok 496 - SWTTree.DoDOMGetAttribute(["href"])
ok 497 - Qt Objects.DoDOMGetAttribute(["href"])
ok 498 - QAbstractButton.DoDOMGetAttribute(["href"])
ok 499 - QCheckBox.DoDOMGetAttribute(["href"])
ok 500 - QComboBox.DoDOMGetAttribute(["href"])
ok 501 - QDateTimeEdit.DoDOMGetAttribute(["href"])
ok 502 - QFontComboBox.DoDOMGetAttribute(["href"])
ok 503 - QLabel.DoDOMGetAttribute(["href"])
ok 504 - QLineEdit.DoDOMGetAttribute(["href"])
ok 505 - QListBox.DoDOMGetAttribute(["href"])
ok 506 - QMenuBar.DoDOMGetAttribute(["href"])
ok 507 - QPopup.DoDOMGetAttribute(["href"])
ok 508 - QPopupMenu.DoDOMGetAttribute(["href"])
ok 509 - QPushButton.DoDOMGetAttribute(["href"])
ok 510 - QRadioButton.DoDOMGetAttribute(["href"])
ok 511 - QSimulated.DoDOMGetAttribute(["href"])
ok 512 - QTabPage.DoDOMGetAttribute(["href"])
ok 513 - QToolButton.DoDOMGetAttribute(["href"])
ok 514 - QWidget.DoDOMGetAttribute(["href"])
ok 515 - Web Objects.DoDOMGetAttribute(["href"])
ok 516 - HTMLObject.DoDOMGetAttribute(["href"])
ok 517 - Navigator.DoDOMGetAttribute(["href"])
ok 518 - Selenium Objects.DoDOMGetAttribute(["href"])
ok 519 - Actions.DoDOMGetAttribute(["href"])
ok 520 - Capabilities.DoDOMGetAttribute(["href"])
ok 521 - Cookies.DoDOMGetAttribute(["href"])
ok 522 - Screenshot.DoDOMGetAttribute(["href"])
ok 523 - WebDriver.DoDOMGetAttribute(["href"])
ok 524 - WebElementWrapper.DoDOMGetAttribute(["href"])
ok 525 - Window.DoDOMGetAttribute(["href"])
ok 526 - AgGrid Objects.DoDOMGetAttribute(["href"])
ok 527 - AgGrid.DoDOMGetAttribute(["href"])
ok 528 - jQuery Objects.DoDOMGetAttribute(["href"])
ok 529 - JQueryAccordion.DoDOMGetAttribute(["href"])
ok 530 - JQueryDatepicker.DoDOMGetAttribute(["href"])
ok 531 - JQueryMenu.DoDOMGetAttribute(["href"])
ok 532 - JQueryProgressbar.DoDOMGetAttribute(["href"])
ok 533 - JQuerySliderH.DoDOMGetAttribute(["href"])
ok 534 - JQuerySliderV.DoDOMGetAttribute(["href"])
ok 535 - JQuerySpinner.DoDOMGetAttribute(["href"])
ok 536 - JQueryTabs.DoDOMGetAttribute(["href"])
ok 537 - HTML5 Objects.DoDOMGetAttribute(["href"])
ok 538 - HTML5Number.DoDOMGetAttribute(["href"])
ok 539 - HTML5Progress.DoDOMGetAttribute(["href"])
ok 540 - HTML5Range.DoDOMGetAttribute(["href"])
ok 541 - GWT Objects.DoDOMGetAttribute(["href"])
ok 542 - GWTCheckBox.DoDOMGetAttribute(["href"])
ok 543 - GWTDatePicker.DoDOMGetAttribute(["href"])
ok 544 - GWTDecoratedStackPanel.DoDOMGetAttribute(["href"])
ok 545 - GWTMenuBar.DoDOMGetAttribute(["href"])
ok 546 - GWTPushButton.DoDOMGetAttribute(["href"])
ok 547 - GWTRadio.DoDOMGetAttribute(["href"])
ok 548 - GWTStackPanel.DoDOMGetAttribute(["href"])
ok 549 - GWTToggleButton.DoDOMGetAttribute(["href"])
ok 550 - GWTTree.DoDOMGetAttribute(["href"])
ok 551 - GWTExt Objects.DoDOMGetAttribute(["href"])
ok 552 - GWTExtComboBox.DoDOMGetAttribute(["href"])
ok 553 - GWTExtDatePicker.DoDOMGetAttribute(["href"])
ok 554 - GWTExtGrid.DoDOMGetAttribute(["href"])
ok 555 - GWTExtMenuBar.DoDOMGetAttribute(["href"])
ok 556 - GWTExtTabPanel.DoDOMGetAttribute(["href"])
ok 557 - GWTExtToggleButton.DoDOMGetAttribute(["href"])
ok 558 - GWTExtToolbar.DoDOMGetAttribute(["href"])
ok 559 - GWTExtTree.DoDOMGetAttribute(["href"])
ok 560 - DomSmartGwt Objects.DoDOMGetAttribute(["href"])
ok 561 - SmartGwtDatePicker.DoDOMGetAttribute(["href"])
ok 562 - SmartGwtTabControl.DoDOMGetAttribute(["href"])
ok 563 - SmartGwtToolbar.DoDOMGetAttribute(["href"])
ok 564 - YUI Objects.DoDOMGetAttribute(["href"])
ok 565 - YUIButtonMenu.DoDOMGetAttribute(["href"])
ok 566 - YUICalendar.DoDOMGetAttribute(["href"])
ok 567 - YUICheckButton.DoDOMGetAttribute(["href"])
ok 568 - YUIMenu.DoDOMGetAttribute(["href"])
ok 569 - YUIMenuBar.DoDOMGetAttribute(["href"])
ok 570 - YUIMenuButton.DoDOMGetAttribute(["href"])
ok 571 - YUIPushButton.DoDOMGetAttribute(["href"])
ok 572 - YUIRadioButton.DoDOMGetAttribute(["href"])
ok 573 - YUISliderH.DoDOMGetAttribute(["href"])
ok 574 - YUISliderV.DoDOMGetAttribute(["href"])
ok 575 - YUISplitButton.DoDOMGetAttribute(["href"])
ok 576 - YUITree.DoDOMGetAttribute(["href"])
ok 577 - Web Services Objects.DoDOMGetAttribute(["href"])
ok 578 - Session.DoDOMGetAttribute(["href"])
ok 579 - RESTRequest.DoDOMGetAttribute(["href"])
ok 580 - RESTResponse.DoDOMGetAttribute(["href"])
ok 581 - RESTService.DoDOMGetAttribute(["href"])
ok 582 - SOAPService.DoDOMGetAttribute(["href"])
ok 583 - Mobile Objects.DoDOMGetAttribute(["href"])
ok 584 - Android.DoDOMGetAttribute(["href"])
ok 585 - AndroidButton.DoDOMGetAttribute(["href"])
ok 586 - AndroidCheckBox.DoDOMGetAttribute(["href"])
ok 587 - AndroidEditBox.DoDOMGetAttribute(["href"])
ok 588 - AndroidImageButton.DoDOMGetAttribute(["href"])
ok 589 - AndroidImageView.DoDOMGetAttribute(["href"])
ok 590 - AndroidLabel.DoDOMGetAttribute(["href"])
ok 591 - AndroidListView.DoDOMGetAttribute(["href"])
ok 592 - AndroidObject.DoDOMGetAttribute(["href"])
ok 593 - AndroidProgressBar.DoDOMGetAttribute(["href"])
ok 594 - AndroidRadioButton.DoDOMGetAttribute(["href"])
ok 595 - AndroidRatingBar.DoDOMGetAttribute(["href"])
ok 596 - AndroidSeekBar.DoDOMGetAttribute(["href"])
ok 597 - AndroidSpinner.DoDOMGetAttribute(["href"])
ok 598 - AndroidSwitch.DoDOMGetAttribute(["href"])
ok 599 - AndroidToggleButton.DoDOMGetAttribute(["href"])
ok 600 - AppiumCapabilities.DoDOMGetAttribute(["href"])
ok 601 - AppiumDriver.DoDOMGetAttribute(["href"])
ok 602 - AppiumWebElement.DoDOMGetAttribute(["href"])
ok 603 - iOS.DoDOMGetAttribute(["href"])
ok 604 - iOSButton.DoDOMGetAttribute(["href"])
ok 605 - iOSEditBox.DoDOMGetAttribute(["href"])
ok 606 - iOSImage.DoDOMGetAttribute(["href"])
ok 607 - iOSLabel.DoDOMGetAttribute(["href"])
ok 608 - iOSObject.DoDOMGetAttribute(["href"])
ok 609 - iOSPageIndicator.DoDOMGetAttribute(["href"])
ok 610 - iOSPicker.DoDOMGetAttribute(["href"])
ok 611 - iOSScrollView.DoDOMGetAttribute(["href"])
ok 612 - iOSSearch.DoDOMGetAttribute(["href"])
ok 613 - iOSSlider.DoDOMGetAttribute(["href"])
ok 614 - iOSSwitch.DoDOMGetAttribute(["href"])
ok 615 - iOSTabBar.DoDOMGetAttribute(["href"])
ok 616 - iOSTable.DoDOMGetAttribute(["href"])
ok 617 - iOSTextView.DoDOMGetAttribute(["href"])
ok 618 - iOSWebView.DoDOMGetAttribute(["href"])
ok 619 - MobileWebObject.DoDOMGetAttribute(["href"])
ok 620 - TouchAction.DoDOMGetAttribute(["href"])
ok 621 - DynamicsAX Objects.DoDOMGetAttribute(["href"])
ok 622 - DynamicsAXAddressBar.DoDOMGetAttribute(["href"])
ok 623 - DynamicsAXComboBox.DoDOMGetAttribute(["href"])
ok 624 - DynamicsAXComboBoxEdit.DoDOMGetAttribute(["href"])
ok 625 - DynamicsAXComboBoxEditExpanded.DoDOMGetAttribute(["href"])
ok 626 - DynamicsAXFastTabs.DoDOMGetAttribute(["href"])
ok 627 - DynamicsAXMenu.DoDOMGetAttribute(["href"])
ok 628 - DynamicsAXMenuDropDown.DoDOMGetAttribute(["href"])
ok 629 - DynamicsAXMenuDropDownList.DoDOMGetAttribute(["href"])
ok 630 - DynamicsAXMenuItem.DoDOMGetAttribute(["href"])
ok 631 - DynamicsAXTable.DoDOMGetAttribute(["href"])
ok 632 - DynamicsAXTextBox.DoDOMGetAttribute(["href"])
ok 633 - DynamicsNAV Objects.DoDOMGetAttribute(["href"])
ok 634 - DynamicsNAVFastTabs.DoDOMGetAttribute(["href"])
ok 635 - DynamicsNAVTable.DoDOMGetAttribute(["href"])
ok 636 - DynamicsNAVToolBar.DoDOMGetAttribute(["href"])
ok 637 - NavPOSControls Objects.DoDOMGetAttribute(["href"])
ok 638 - NavButtonPad.DoDOMGetAttribute(["href"])
ok 639 - DomDynamicsNAV Objects.DoDOMGetAttribute(["href"])
ok 640 - DomDynamicsNAVEdit.DoDOMGetAttribute(["href"])
ok 641 - DomDynamicsNAVGrid.DoDOMGetAttribute(["href"])
ok 642 - DomDynamicsAX Objects.DoDOMGetAttribute(["href"])
ok 643 - DomDynamicsAXActionSearch.DoDOMGetAttribute(["href"])
ok 644 - DomDynamicsAXCheckBox.DoDOMGetAttribute(["href"])
ok 645 - DomDynamicsAXComboBox.DoDOMGetAttribute(["href"])
ok 646 - DomDynamicsAXCrumbList.DoDOMGetAttribute(["href"])
ok 647 - DomDynamicsAXDatePicker.DoDOMGetAttribute(["href"])
ok 648 - DomDynamicsAXGrid.DoDOMGetAttribute(["href"])
ok 649 - DomDynamicsAXMenuBar.DoDOMGetAttribute(["href"])
ok 650 - DomDynamicsAXMessageBar.DoDOMGetAttribute(["href"])
ok 651 - DomDynamicsAXNavigationSearch.DoDOMGetAttribute(["href"])
ok 652 - DomDynamicsAXTabControl.DoDOMGetAttribute(["href"])
ok 653 - DomDynamicsAXTextBox.DoDOMGetAttribute(["href"])
ok 654 - DomDynamicsCrm Objects.DoDOMGetAttribute(["href"])
ok 655 - DomDynamicsCrmAgGrid.DoDOMGetAttribute(["href"])
ok 656 - DomDynamicsCrmGrid.DoDOMGetAttribute(["href"])
ok 657 - DomDynamicsCrmUnifiedInterfaceGrid.DoDOMGetAttribute(["href"])
ok 658 - DomDynamicsCrmUnifiedInterfaceList.DoDOMGetAttribute(["href"])
ok 659 - DomSalesforce Objects.DoDOMGetAttribute(["href"])
ok 660 - DomLightningComboBox.DoDOMGetAttribute(["href"])
ok 661 - DomLightningGrid.DoDOMGetAttribute(["href"])
ok 662 - DomLightningListBox.DoDOMGetAttribute(["href"])
ok 663 - DomSalesforceGrid.DoDOMGetAttribute(["href"])
ok 664 - DomSAP Objects.DoDOMGetAttribute(["href"])
ok 665 - DomSAPButton.DoDOMGetAttribute(["href"])
ok 666 - DomSAPCalendar.DoDOMGetAttribute(["href"])
ok 667 - DomSAPCombobox.DoDOMGetAttribute(["href"])
ok 668 - DomSAPGrid.DoDOMGetAttribute(["href"])
ok 669 - DomSAPInput.DoDOMGetAttribute(["href"])
ok 670 - DomSAPRadioGroup.DoDOMGetAttribute(["href"])
ok 671 - DomSAPTable.DoDOMGetAttribute(["href"])
ok 672 - Rapise Installation Guide.DoDOMGetAttribute(["href"])
ok 673 - Spira Dashboard.DoDOMGetAttribute(["href"])
ok 674 - SpiraTest Integration.DoDOMGetAttribute(["href"])
ok 675 - Preparing for Web Testing.DoDOMGetAttribute(["href"])
ok 676 - Preparing for Android Testing.DoDOMGetAttribute(["href"])
ok 677 - Preparing for iOS Testing.DoDOMGetAttribute(["href"])
ok 678 - Azure DevOps Integration.DoDOMGetAttribute(["href"])
ok 679 - Robotic Process Automation.DoDOMGetAttribute(["href"])
ok 680 - JScript Language Reference.DoDOMGetAttribute(["href"])
ok 681 - Knowledge Base.DoDOMGetAttribute(["href"])
ok 682 - Recorded Webinars.DoDOMGetAttribute(["href"])
ok 683 - Training.DoDOMGetAttribute(["href"])
ok 684 - Playground.DoDOMGetAttribute(["href"])
ok 685 - Release Notes for 8.0.DoDOMGetAttribute(["href"])
ok 686 - Release Notes for 7.4.DoDOMGetAttribute(["href"])
ok 687 - Release Notes for 7.3.DoDOMGetAttribute(["href"])
ok 688 - Release Notes for 7.2.DoDOMGetAttribute(["href"])
ok 689 - Release Notes for 7.1.DoDOMGetAttribute(["href"])
ok 690 - Release Notes for 7.0.DoDOMGetAttribute(["href"])
ok 691 - Release Notes for 6.7.DoDOMGetAttribute(["href"])
ok 692 - Release Notes for 6.6.DoDOMGetAttribute(["href"])
ok 693 - Release Notes for 6.5.DoDOMGetAttribute(["href"])
ok 694 - Release Notes for 6.4.DoDOMGetAttribute(["href"])
ok 695 - Release Notes for 6.3.DoDOMGetAttribute(["href"])
ok 696 - Release Notes for 6.2.DoDOMGetAttribute(["href"])
ok 697 - Development Roadmap.DoDOMGetAttribute(["href"])
ok 698 - Permanent link.DoDOMGetAttribute(["href"])
ok 699 - Permanent link.DoDOMGetAttribute(["href"])
ok 700 - Know Your Way Around.DoDOMGetAttribute(["href"])
ok 701 - Frameworks.DoDOMGetAttribute(["href"])
ok 702 - Web Testing.DoDOMGetAttribute(["href"])
ok 703 - Desktop Testing.DoDOMGetAttribute(["href"])
ok 704 - Mobile Testing.DoDOMGetAttribute(["href"])
ok 705 - API Testing.DoDOMGetAttribute(["href"])
ok 706 - Scriptless Testing.DoDOMGetAttribute(["href"])
ok 707 - Microsoft Dynamics Testing.DoDOMGetAttribute(["href"])
ok 708 - Permanent link.DoDOMGetAttribute(["href"])
ok 709 - Rapise Visual Language.DoDOMGetAttribute(["href"])
ok 710 - knowledge base.DoDOMGetAttribute(["href"])
ok 711 - Permanent link.DoDOMGetAttribute(["href"])
ok 712 - Check it out.DoDOMGetAttribute(["href"])
ok 713 - http://127.0.0.1:8000/Intro/orientation/.DoDOMGetAttribute(["href"])
ok 714 - Material for MkDocs.DoDOMGetAttribute(["href"])
ok 715 - github.com.DoDOMGetAttribute(["href"])
ok 716 - twitter.com.DoDOMGetAttribute(["href"])
ok 717 - www.linkedin.com.DoDOMGetAttribute(["href"])
ok 718 - Base links extracted
# Anchor: #inflectra
# External: http://127.0.0.1:8000/
# External: https://www.inflectra.com
# Skip empty line
# External: http://127.0.0.1:8000/
# External: https://www.inflectra.com
# Skip empty line
# Anchor: #inflectra
# Anchor: #rapise-documentation
# Anchor: #about-the-docs
# Anchor: #ui-test-automation-playground
# External: http://www.uitestingplayground.com/
# External: https://squidfunk.github.io/mkdocs-material/
# External: https://github.com/inflectra
# External: https://twitter.com/inflectra
# External: https://www.linkedin.com/company/inflectra-corporation/
# Skip empty line
# Checking page: Guide/about_this_guide/
# Checking page: Guide/visual_language/
# Checking page: Libraries/libraries/
# Checking page: Manuals/Rapise_Installation_Guide/
# Checking page: Manuals/kb/
# Checking page: Intro/webinars/
# Checking page: New/8_0/
# Checking page: Intro/orientation/
# Checking page: Intro/automation/
# Checking page: Intro/devops/
# Checking page: Intro/ddt/
# Checking page: Guide/Frameworks/frameworks/
# Checking page: Guide/Frameworks/parameters/
# Checking page: Guide/Frameworks/pageobjects/
# Checking page: Guide/cheatsheet/
# Checking page: Guide/overview/
# Checking page: Guide/sample_tests/
# Checking page: Guide/twodialogs_sample/
# Checking page: Guide/tutorial_windows_using_javascript/
# Checking page: Guide/mobile_testing_android/
# Checking page: Guide/mobile_testing_ios/
# Checking page: Guide/tutorial_record_and_playback/
# Checking page: Guide/tutorial_web_using_javascript/
# Checking page: Guide/tutorial_web_services_rest/
# Checking page: Guide/tutorial_soap_web_services/
# Checking page: Guide/tutorial_exploratory_testing/
# Checking page: Guide/tutorial_java_testing/
# Checking page: Guide/tutorial_java_using_javascript/
# Checking page: Guide/tutorial_qt_framework/
# Checking page: Guide/tutorial_qt_using_javascript/
# Checking page: Guide/features/
# Checking page: Guide/object_types/
# Checking page: Guide/recording/
# Checking page: Guide/object_learning/
# Checking page: Guide/multiple_recordings/
# Checking page: Guide/analog_recording/
# Checking page: Guide/absolute_analog_learning/
# Checking page: Guide/relative_analog_learning/
# Checking page: Guide/simulated_objects/
# Checking page: Guide/object_manager/
# Checking page: Guide/recording_library/
# Checking page: Guide/custom_libraries/
# Checking page: Guide/actions/
# Checking page: Guide/object_spy/
# Checking page: Guide/object_spy_accessible/
# Checking page: Guide/object_spy_java/
# Checking page: Guide/object_spy_managed/
# Checking page: Guide/object_spy_mobile/
# Checking page: Guide/object_spy_uiautomation/
# Checking page: Guide/web_spy/
# Checking page: Guide/playback/
# Checking page: Guide/command_line/
# Checking page: Guide/object_locator/
# Checking page: Guide/screenshots/
# Checking page: Guide/ddt/
# Checking page: Guide/automated_reporting/
# Checking page: Guide/writing_to_the_report/
# Checking page: Guide/report_filtering/
# Checking page: Guide/tests_and_sub_tests/
# Checking page: Guide/scripting/
# Checking page: Guide/jscript_language_reference/
# Checking page: Guide/understanding_the_script/
# Checking page: Guide/naming_conventions/
# Checking page: Guide/defining_functions/
# Checking page: Guide/global_variables/
# Checking page: Guide/including_other_files/
# Checking page: Guide/regular_expressions/
# Checking page: Guide/assertions/
# Checking page: Guide/data_driven_testing/
# Checking page: Guide/customizable_engine/
# Checking page: Guide/scenarios/
# Checking page: Guide/checkpoints/
# Checking page: Guide/javascript_ide/
# Checking page: Guide/internal_debugger/
# Checking page: Guide/tooltips/
# Checking page: Guide/control_execution/
# Checking page: Guide/breakpoints/
# Checking page: Guide/verbosity_levels/
# Checking page: Guide/syntax_highlighting/
# Checking page: Guide/code_folding/
# Checking page: Guide/syntax_checking/
# Checking page: Guide/code_helper/
# Checking page: Guide/manual_testing/
# Checking page: Guide/manual_testing_recording/
# Checking page: Guide/manual_testing_playback/
# Checking page: Guide/semi_manual_testing/
# Checking page: Guide/unit_testing/
# Checking page: Guide/visual_studio/
# Checking page: Guide/nunit/
# Checking page: Guide/dll_testing/
# Checking page: Guide/com_testing_support/
# Checking page: Guide/tap/
# Checking page: Guide/convert_functional_to_load_tes/
# Checking page: Guide/spira_dashboard_2/
# Checking page: Guide/spiratest_integration/
# Checking page: Guide/vstest/
# Checking page: Guide/vstest_rl/
# Checking page: Guide/git_integration/
# Checking page: Guide/dialogs_views_menus/
# Checking page: Guide/dialog_add_web_service/
# Checking page: Guide/browser_settings/
# Checking page: Guide/content_view/
# Checking page: Guide/create_new_test_dialog/
# Checking page: Guide/create_sub_test_dialog/
# Checking page: Guide/test_to_play_selector/
# Checking page: Guide/test_param_chooser/
# Checking page: Guide/enter_filter_criteria_for____d/
# Checking page: Guide/errors_view/
# Checking page: Guide/find_and_replace_dialog/
# Checking page: Guide/find_results_view/
# Checking page: Guide/find_text_dialog/
# Checking page: Guide/image_capture/
# Checking page: Guide/manual_playback/
# Checking page: Guide/manual_test_editor/
# Checking page: Guide/menu_and_toolbars/
# Checking page: Guide/mobile_settings_dialog/
# Checking page: Guide/mobile_test_locator_dialog/
# Checking page: Guide/namevalue_collection_editor_di/
# Checking page: Guide/object_tree/
# Checking page: Guide/output_view/
# Checking page: Guide/properties/
# Checking page: Guide/options_dialog/
# Checking page: Guide/recording_activity_dialog/
# Checking page: Guide/replace_text_dialog/
# Checking page: Guide/report_viewer/
# Checking page: Guide/rest_definition_editor/
# Checking page: Guide/rvl_editor/
# Checking page: Guide/scripting_choice_dialog/
# Checking page: Guide/select_an_application_to_record_dialog/
# Checking page: Guide/selenium_settings_dialog/
# Checking page: Guide/soap_definition_editor/
# Checking page: Guide/source_editor/
# Checking page: Guide/spira_dashboard/
# Checking page: Guide/spira_properties_dialog/
# Checking page: Guide/spreadsheet_editor/
# Checking page: Guide/ses_spy_dialog/
# Checking page: Guide/start_page/
# Checking page: Guide/test_files_dialog/
# Checking page: Guide/settings_dialog/
# Checking page: Guide/toolbar_rest/
# Checking page: Guide/toolbar_soap/
# Checking page: Guide/toolbar_spreadsheet/
# Checking page: Guide/variable_call_stack_view/
# Checking page: Guide/verify_object_properties/
# Checking page: Guide/warning_view/
# Checking page: Guide/watch_view/
# Checking page: Guide/web_settings/
# Checking page: Guide/howtos/
# Checking page: Guide/accessing_files_and_i_o_functi/
# Checking page: Guide/change_test_entry_point/
# Checking page: Guide/change_the_libraries_being_use/
# Checking page: Guide/changing_the_url_of_website_be/
# Checking page: Guide/create_a_new_test/
# Checking page: Guide/deal_with_a_simulated_object/
# Checking page: Guide/detecting_the_presence_of_an_o/
# Checking page: Guide/do_absolute_analog_recording/
# Checking page: Guide/do_relative_analog_recording/
# Checking page: Guide/extracting_test_data_from_an_e/
# Checking page: Guide/learn_object/
# Checking page: Guide/object_not_found/
# Checking page: Guide/open_a_test/
# Checking page: Guide/restoring_the_default_layout/
# Checking page: Guide/sending_special_keys_to_the_c/
# Checking page: Guide/technologies/
# Checking page: Guide/windows_applications/
# Checking page: Guide/mobile_testing2/
# Checking page: Manuals/Preparing_for_iOS_Testing/
# Checking page: Manuals/Preparing_for_Android_Testing/
# Checking page: Guide/mobile_reconnect/
# Checking page: Guide/web_testing/
# Checking page: Guide/cross_browser_testing/
# Checking page: Guide/web_app_profile/
# Checking page: Guide/web_self_healing/
# Checking page: Guide/xpath/
# Checking page: Guide/css/
# Checking page: Guide/setting_up_web_browsers/
# Checking page: Guide/selenium_webdriver/
# Checking page: Guide/setting_up_selenium/
# Checking page: Guide/using_native_selenium_code/
# Checking page: Guide/selenium_reconnect/
# Checking page: Guide/web_service_testing/
# Checking page: Guide/rest_web_service/
# Checking page: Guide/soap_web_services/
# Checking page: Guide/microsoft_dynamics/
# Checking page: Guide/dynamics_ax/
# Checking page: Guide/dynamics_nav/
# Checking page: Guide/dynamics_crm/
# Checking page: Guide/dynamics_365/
# Checking page: Guide/unified_service_desk/
# Checking page: Guide/salesforce_com/
# Checking page: Guide/qt_framework_testing/
# Checking page: Guide/java_awt_swing_testing/
# Checking page: Guide/java_swt/
# Checking page: Guide/oracleforms_testing/
# Checking page: Guide/extensibility/
# Checking page: Guide/tutorial_custom_library/
# Checking page: Guide/global_objects/
# Checking page: Guide/glossary/
# Checking page: Guide/company__copyright/
# Checking page: RVL/Overview/
# Checking page: RVL/Sheets/
# Checking page: RVL/Columns/
# Checking page: RVL/Comments/
# Checking page: RVL/Conditions/
# Checking page: RVL/Actions/
# Checking page: RVL/Params/
# Checking page: RVL/Variables/
# Checking page: RVL/Assertions/
# Checking page: RVL/IfElse/
# Checking page: RVL/Maps/
# Checking page: RVL/Loops/
# Checking page: RVL/Preamble/
# Checking page: Libraries/RVL/
# Checking page: Libraries/Map/
# Checking page: RVL/RVL_DoPlay/
# Checking page: Libraries/ses_lib_global/
# Checking page: Libraries/Android/
# Checking page: Libraries/Database/
# Checking page: Libraries/File/
# Checking page: Libraries/Generator/
# Checking page: Libraries/Global/
# Checking page: Libraries/iOS/
# Checking page: Libraries/Navigator/
# Checking page: Libraries/Screenshot/
# Checking page: Libraries/SeSReportException/
# Checking page: Libraries/SeSReportFile/
# Checking page: Libraries/SeSReportImage/
# Checking page: Libraries/SeSReportLink/
# Checking page: Libraries/SeSReportText/
# Checking page: Libraries/Session/
# Checking page: Libraries/Spira/
# Checking page: Libraries/Spreadsheet/
# Checking page: Libraries/Tester/
# Checking page: Libraries/Text/
# Checking page: Libraries/WebDriver/
# Checking page: Libraries/ses_lib_generic/
# Checking page: Libraries/SeSSimulatedObject/
# Checking page: Libraries/Win32Button/
# Checking page: Libraries/Win32CheckButton/
# Checking page: Libraries/Win32ComboBox/
# Checking page: Libraries/Win32ComboBoxEdit/
# Checking page: Libraries/Win32ContextMenu/
# Checking page: Libraries/Win32Link/
# Checking page: Libraries/Win32List/
# Checking page: Libraries/Win32ListCheckable/
# Checking page: Libraries/Win32MenuBar/
# Checking page: Libraries/Win32Outline/
# Checking page: Libraries/Win32PopupMenu/
# Checking page: Libraries/Win32RadioButton/
# Checking page: Libraries/Win32StaticText/
# Checking page: Libraries/Win32Text/
# Checking page: Libraries/Win32TreeCheckable/
# Checking page: Libraries/ses_lib_uiautomation/
# Checking page: Libraries/UIAButton/
# Checking page: Libraries/UIACheckBox/
# Checking page: Libraries/UIAComboBox/
# Checking page: Libraries/UIAComboBoxEdit/
# Checking page: Libraries/UIAHyperlink/
# Checking page: Libraries/UIALabel/
# Checking page: Libraries/UIAList/
# Checking page: Libraries/UIAMenu/
# Checking page: Libraries/UIAObject/
# Checking page: Libraries/UIAProgressBar/
# Checking page: Libraries/UIARadioButton/
# Checking page: Libraries/UIASlider/
# Checking page: Libraries/UIATabControl/
# Checking page: Libraries/UIATextBlock/
# Checking page: Libraries/UIATextBox/
# Checking page: Libraries/UIATree/
# Checking page: Libraries/UIAutomationMenuDropDown/
# Checking page: Libraries/UIAutomationMenuDropDownList/
# Checking page: Libraries/UIAutomationMenuItem/
# Checking page: Libraries/ses_lib_managed/
# Checking page: Libraries/ManagedButton/
# Checking page: Libraries/ManagedCheckBox/
# Checking page: Libraries/ManagedCheckedListBox/
# Checking page: Libraries/ManagedComboBox/
# Checking page: Libraries/ManagedDataGridView/
# Checking page: Libraries/ManagedLabel/
# Checking page: Libraries/ManagedLinkLabel/
# Checking page: Libraries/ManagedListBox/
# Checking page: Libraries/ManagedListView/
# Checking page: Libraries/ManagedMenuPopupItem/
# Checking page: Libraries/ManagedMenuStrip/
# Checking page: Libraries/ManagedObject/
# Checking page: Libraries/ManagedPopupListBox/
# Checking page: Libraries/ManagedPropertyGrid/
# Checking page: Libraries/ManagedRadioButton/
# Checking page: Libraries/ManagedStatusBar/
# Checking page: Libraries/ManagedTextBox/
# Checking page: Libraries/ManagedTreeView/
# Checking page: Libraries/ses_lib_devexpress/
# Checking page: Libraries/DXButtonEdit/
# Checking page: Libraries/DXCalcEdit/
# Checking page: Libraries/DXCheckButton/
# Checking page: Libraries/DXCheckedComboBoxEdit/
# Checking page: Libraries/DXCheckEdit/
# Checking page: Libraries/DXCheckedListBoxControl/
# Checking page: Libraries/DXColorEdit/
# Checking page: Libraries/DXComboBoxEdit/
# Checking page: Libraries/DXDateEdit/
# Checking page: Libraries/DXDockedBarControl/
# Checking page: Libraries/DXDockPanel/
# Checking page: Libraries/DXDocumentsHost/
# Checking page: Libraries/DXDropDownButton/
# Checking page: Libraries/DXFontEdit/
# Checking page: Libraries/DXGridControl/
# Checking page: Libraries/DXHyperLinkEdit/
# Checking page: Libraries/DXImageComboBoxEdit/
# Checking page: Libraries/DXImageEdit/
# Checking page: Libraries/DXImageListBoxControl/
# Checking page: Libraries/DXListBoxControl/
# Checking page: Libraries/DXLookUpEdit/
# Checking page: Libraries/DXMarqueeProgressBarControl/
# Checking page: Libraries/DXMaskBox/
# Checking page: Libraries/DXMemoEdit/
# Checking page: Libraries/DXMemoExEdit/
# Checking page: Libraries/DXMRUEdit/
# Checking page: Libraries/DXNavBarControl/
# Checking page: Libraries/DXPopupBarControl/
# Checking page: Libraries/DXPopupContainerEdit/
# Checking page: Libraries/DXPopupLookUpEditForm/
# Checking page: Libraries/DXProgressBarControl/
# Checking page: Libraries/DXPropertyGridControl/
# Checking page: Libraries/DXRadioGroup/
# Checking page: Libraries/DXRangeTrackBarControl/
# Checking page: Libraries/DXRibbon/
# Checking page: Libraries/DXSimpleButton/
# Checking page: Libraries/DXSpinEdit/
# Checking page: Libraries/DXTabControl/
# Checking page: Libraries/DXTextEdit/
# Checking page: Libraries/DXTextEditMasked/
# Checking page: Libraries/DXTimeEdit/
# Checking page: Libraries/DXTrackBarControl/
# Checking page: Libraries/DXTreeList/
# Checking page: Libraries/DXZoomTrackBarControl/
# Checking page: Libraries/ses_lib_infragistics/
# Checking page: Libraries/AnimationControl/
# Checking page: Libraries/UltraAppMenu/
# Checking page: Libraries/UltraButton/
# Checking page: Libraries/UltraCheckEditor/
# Checking page: Libraries/UltraColorPicker/
# Checking page: Libraries/UltraComboEditor/
# Checking page: Libraries/UltraCurrencyEditor/
# Checking page: Libraries/UltraDropDownButton/
# Checking page: Libraries/UltraFontNameEditor/
# Checking page: Libraries/UltraFormattedLinkLabel/
# Checking page: Libraries/UltraFormattedTextEditor/
# Checking page: Libraries/UltraGrid/
# Checking page: Libraries/UltraLabel/
# Checking page: Libraries/UltraListBar/
# Checking page: Libraries/UltraListView/
# Checking page: Libraries/UltraMaskedEdit/
# Checking page: Libraries/UltraMdiTabGroupControl/
# Checking page: Libraries/UltraNumericEditor/
# Checking page: Libraries/UltraOptionSet/
# Checking page: Libraries/UltraPopupMenu/
# Checking page: Libraries/UltraProgressBar/
# Checking page: Libraries/UltraRibbon/
# Checking page: Libraries/UltraStatusBar/
# Checking page: Libraries/UltraTabControl/
# Checking page: Libraries/UltraTextEditor/
# Checking page: Libraries/UltraTimeZoneEditor/
# Checking page: Libraries/UltraTree/
# Checking page: Libraries/ValueListDropDownUnsafe/
# Checking page: Libraries/ses_lib_syncfusion/
# Checking page: Libraries/SyncfusionGrouping/
# Checking page: Libraries/SyncfusionRibbon/
# Checking page: Libraries/ses_lib_telerik/
# Checking page: Libraries/TelerikDropDownPopupForm/
# Checking page: Libraries/TelerikRadApplicationMenu/
# Checking page: Libraries/TelerikRadApplicationMenuDropDown/
# Checking page: Libraries/TelerikRadButton/
# Checking page: Libraries/TelerikRadCheckBox/
# Checking page: Libraries/TelerikRadDateTimePicker/
# Checking page: Libraries/TelerikRadDropDownButton/
# Checking page: Libraries/TelerikRadDropDownButtonPopup/
# Checking page: Libraries/TelerikRadDropDownList/
# Checking page: Libraries/TelerikRadDropDownMenu/
# Checking page: Libraries/TelerikRadGridView/
# Checking page: Libraries/TelerikRadLabel/
# Checking page: Libraries/TelerikRadListControl/
# Checking page: Libraries/TelerikRadMaskedEditBox/
# Checking page: Libraries/TelerikRadMenu/
# Checking page: Libraries/TelerikRadProgressBar/
# Checking page: Libraries/TelerikRadRadioButton/
# Checking page: Libraries/TelerikRadRibbonBar/
# Checking page: Libraries/TelerikRadSpinEditor/
# Checking page: Libraries/TelerikRadTextBox/
# Checking page: Libraries/TelerikRadTitleBar/
# Checking page: Libraries/TelerikRadToggleButton/
# Checking page: Libraries/TelerikRadToolStrip/
# Checking page: Libraries/TelerikRadTrackBar/
# Checking page: Libraries/TelerikRadTreeView/
# Checking page: Libraries/ses_lib_advaac/
# Checking page: Libraries/SimpleButton/
# Checking page: Libraries/SimpleButtonDropdown/
# Checking page: Libraries/SimpleCheckButton/
# Checking page: Libraries/SimpleComboBox/
# Checking page: Libraries/SimpleGraphics/
# Checking page: Libraries/SimpleLink/
# Checking page: Libraries/SimpleLinkText/
# Checking page: Libraries/SimpleList/
# Checking page: Libraries/SimpleOutline/
# Checking page: Libraries/SimpleRadioButton/
# Checking page: Libraries/SimpleText/
# Checking page: Libraries/ses_lib_activex/
# Checking page: Libraries/ActiveXObject/
# Checking page: Libraries/MSComCtlSlider20/
# Checking page: Libraries/MSComCtlToolbar/
# Checking page: Libraries/MSComCtlTreeView20/
# Checking page: Libraries/MSComList/
# Checking page: Libraries/MSFlexGrid/
# Checking page: Libraries/SSTab/
# Checking page: Libraries/TabStrip20/
# Checking page: Libraries/C1TrueDBGrid/
# Checking page: Libraries/C1TrueDBList/
# Checking page: Libraries/C1TrueDBListCombo/
# Checking page: Libraries/SftTree/
# Checking page: Libraries/ses_lib_farpoint/
# Checking page: Libraries/FarPointGrid/
# Checking page: Libraries/FarPointGridAX/
# Checking page: Libraries/ses_lib_vsflexgrid/
# Checking page: Libraries/VSFlexGrid/
# Checking page: Libraries/ses_lib_java/
# Checking page: Libraries/JavaButton/
# Checking page: Libraries/JavaCheckBox/
# Checking page: Libraries/JavaChoice/
# Checking page: Libraries/JavaLabel/
# Checking page: Libraries/JavaList/
# Checking page: Libraries/JavaObject/
# Checking page: Libraries/JavaSwingButton/
# Checking page: Libraries/JavaSwingCheckBox/
# Checking page: Libraries/JavaSwingComboBox/
# Checking page: Libraries/JavaSwingLabel/
# Checking page: Libraries/JavaSwingList/
# Checking page: Libraries/JavaSwingMenuBar/
# Checking page: Libraries/JavaSwingPasswordField/
# Checking page: Libraries/JavaSwingPopupMenu/
# Checking page: Libraries/JavaSwingProgressBar/
# Checking page: Libraries/JavaSwingRadioButton/
# Checking page: Libraries/JavaSwingSlider/
# Checking page: Libraries/JavaSwingTable/
# Checking page: Libraries/JavaSwingTextArea/
# Checking page: Libraries/JavaSwingTextField/
# Checking page: Libraries/JavaSwingToggleButton/
# Checking page: Libraries/JavaSwingTree/
# Checking page: Libraries/JavaTextArea/
# Checking page: Libraries/JavaTextField/
# Checking page: Libraries/ses_lib_oracleforms/
# Checking page: Libraries/GlassMouseGrabProvider%24Proxy/
# Checking page: Libraries/LWCheckbox/
# Checking page: Libraries/LWTextComponent/
# Checking page: Libraries/OFTabBar/
# Checking page: Libraries/OFToolBar/
# Checking page: Libraries/OracleEnhLabledIconButton/
# Checking page: Libraries/OracleFormsMenuBar/
# Checking page: Libraries/OracleFormsObject/
# Checking page: Libraries/OracleFormsTable/
# Checking page: Libraries/OraclePushButton/
# Checking page: Libraries/VButton/
# Checking page: Libraries/VCheckbox/
# Checking page: Libraries/VComboBox/
# Checking page: Libraries/VPopList/
# Checking page: Libraries/VTextField/
# Checking page: Libraries/ses_lib_swt/
# Checking page: Libraries/SWTComboBox/
# Checking page: Libraries/SWTComboBoxEdit/
# Checking page: Libraries/SWTList/
# Checking page: Libraries/SWTTree/
# Checking page: Libraries/ses_lib_qt/
# Checking page: Libraries/QAbstractButton/
# Checking page: Libraries/QCheckBox/
# Checking page: Libraries/QComboBox/
# Checking page: Libraries/QDateTimeEdit/
# Checking page: Libraries/QFontComboBox/
# Checking page: Libraries/QLabel/
# Checking page: Libraries/QLineEdit/
# Checking page: Libraries/QListBox/
# Checking page: Libraries/QMenuBar/
# Checking page: Libraries/QPopup/
# Checking page: Libraries/QPopupMenu/
# Checking page: Libraries/QPushButton/
# Checking page: Libraries/QRadioButton/
# Checking page: Libraries/QSimulated/
# Checking page: Libraries/QTabPage/
# Checking page: Libraries/QToolButton/
# Checking page: Libraries/QWidget/
# Checking page: Libraries/ses_lib_web/
# Checking page: Libraries/HTMLObject/
# Checking page: Libraries/ses_lib_selenium/
# Checking page: Libraries/Actions/
# Checking page: Libraries/Capabilities/
# Checking page: Libraries/Cookies/
# Checking page: Libraries/WebElementWrapper/
# Checking page: Libraries/Window/
# Checking page: Libraries/ses_lib_aggrid/
# Checking page: Libraries/AgGrid/
# Checking page: Libraries/ses_lib_jquery/
# Checking page: Libraries/JQueryAccordion/
# Checking page: Libraries/JQueryDatepicker/
# Checking page: Libraries/JQueryMenu/
# Checking page: Libraries/JQueryProgressbar/
# Checking page: Libraries/JQuerySliderH/
# Checking page: Libraries/JQuerySliderV/
# Checking page: Libraries/JQuerySpinner/
# Checking page: Libraries/JQueryTabs/
# Checking page: Libraries/ses_lib_html5/
# Checking page: Libraries/HTML5Number/
# Checking page: Libraries/HTML5Progress/
# Checking page: Libraries/HTML5Range/
# Checking page: Libraries/ses_lib_gwt/
# Checking page: Libraries/GWTCheckBox/
# Checking page: Libraries/GWTDatePicker/
# Checking page: Libraries/GWTDecoratedStackPanel/
# Checking page: Libraries/GWTMenuBar/
# Checking page: Libraries/GWTPushButton/
# Checking page: Libraries/GWTRadio/
# Checking page: Libraries/GWTStackPanel/
# Checking page: Libraries/GWTToggleButton/
# Checking page: Libraries/GWTTree/
# Checking page: Libraries/ses_lib_gwtext/
# Checking page: Libraries/GWTExtComboBox/
# Checking page: Libraries/GWTExtDatePicker/
# Checking page: Libraries/GWTExtGrid/
# Checking page: Libraries/GWTExtMenuBar/
# Checking page: Libraries/GWTExtTabPanel/
# Checking page: Libraries/GWTExtToggleButton/
# Checking page: Libraries/GWTExtToolbar/
# Checking page: Libraries/GWTExtTree/
# Checking page: Libraries/ses_lib_smartgwt/
# Checking page: Libraries/SmartGwtDatePicker/
# Checking page: Libraries/SmartGwtTabControl/
# Checking page: Libraries/SmartGwtToolbar/
# Checking page: Libraries/ses_lib_yui/
# Checking page: Libraries/YUIButtonMenu/
# Checking page: Libraries/YUICalendar/
# Checking page: Libraries/YUICheckButton/
# Checking page: Libraries/YUIMenu/
# Checking page: Libraries/YUIMenuBar/
# Checking page: Libraries/YUIMenuButton/
# Checking page: Libraries/YUIPushButton/
# Checking page: Libraries/YUIRadioButton/
# Checking page: Libraries/YUISliderH/
# Checking page: Libraries/YUISliderV/
# Checking page: Libraries/YUISplitButton/
# Checking page: Libraries/YUITree/
# Checking page: Libraries/ses_lib_webservices/
# Checking page: Libraries/RESTRequest/
# Checking page: Libraries/RESTResponse/
# Checking page: Libraries/RESTService/
# Checking page: Libraries/SOAPService/
# Checking page: Libraries/ses_lib_mobile/
# Checking page: Libraries/AndroidButton/
# Checking page: Libraries/AndroidCheckBox/
# Checking page: Libraries/AndroidEditBox/
# Checking page: Libraries/AndroidImageButton/
# Checking page: Libraries/AndroidImageView/
# Checking page: Libraries/AndroidLabel/
# Checking page: Libraries/AndroidListView/
# Checking page: Libraries/AndroidObject/
# Checking page: Libraries/AndroidProgressBar/
# Checking page: Libraries/AndroidRadioButton/
# Checking page: Libraries/AndroidRatingBar/
# Checking page: Libraries/AndroidSeekBar/
# Checking page: Libraries/AndroidSpinner/
# Checking page: Libraries/AndroidSwitch/
# Checking page: Libraries/AndroidToggleButton/
# Checking page: Libraries/AppiumCapabilities/
# Checking page: Libraries/AppiumDriver/
# Checking page: Libraries/AppiumWebElement/
# Checking page: Libraries/iOSButton/
# Checking page: Libraries/iOSEditBox/
# Checking page: Libraries/iOSImage/
# Checking page: Libraries/iOSLabel/
# Checking page: Libraries/iOSObject/
# Checking page: Libraries/iOSPageIndicator/
# Checking page: Libraries/iOSPicker/
# Checking page: Libraries/iOSScrollView/
# Checking page: Libraries/iOSSearch/
# Checking page: Libraries/iOSSlider/
# Checking page: Libraries/iOSSwitch/
# Checking page: Libraries/iOSTabBar/
# Checking page: Libraries/iOSTable/
# Checking page: Libraries/iOSTextView/
# Checking page: Libraries/iOSWebView/
# Checking page: Libraries/MobileWebObject/
# Checking page: Libraries/TouchAction/
# Checking page: Libraries/ses_lib_dynamicsax/
# Checking page: Libraries/DynamicsAXAddressBar/
# Checking page: Libraries/DynamicsAXComboBox/
# Checking page: Libraries/DynamicsAXComboBoxEdit/
# Checking page: Libraries/DynamicsAXComboBoxEditExpanded/
# Checking page: Libraries/DynamicsAXFastTabs/
# Checking page: Libraries/DynamicsAXMenu/
# Checking page: Libraries/DynamicsAXMenuDropDown/
# Checking page: Libraries/DynamicsAXMenuDropDownList/
# Checking page: Libraries/DynamicsAXMenuItem/
# Checking page: Libraries/DynamicsAXTable/
# Checking page: Libraries/DynamicsAXTextBox/
# Checking page: Libraries/ses_lib_dynamicsnav/
# Checking page: Libraries/DynamicsNAVFastTabs/
# Checking page: Libraries/DynamicsNAVTable/
# Checking page: Libraries/DynamicsNAVToolBar/
# Checking page: Libraries/ses_lib_navposcontrols/
# Checking page: Libraries/NavButtonPad/
# Checking page: Libraries/ses_lib_domdynamicsnav/
# Checking page: Libraries/DomDynamicsNAVEdit/
# Checking page: Libraries/DomDynamicsNAVGrid/
# Checking page: Libraries/ses_lib_dynamics365/
# Checking page: Libraries/DomDynamicsAXActionSearch/
# Checking page: Libraries/DomDynamicsAXCheckBox/
# Checking page: Libraries/DomDynamicsAXComboBox/
# Checking page: Libraries/DomDynamicsAXCrumbList/
# Checking page: Libraries/DomDynamicsAXDatePicker/
# Checking page: Libraries/DomDynamicsAXGrid/
# Checking page: Libraries/DomDynamicsAXMenuBar/
# Checking page: Libraries/DomDynamicsAXMessageBar/
# Checking page: Libraries/DomDynamicsAXNavigationSearch/
# Checking page: Libraries/DomDynamicsAXTabControl/
# Checking page: Libraries/DomDynamicsAXTextBox/
# Checking page: Libraries/ses_lib_dynamicscrm/
# Checking page: Libraries/DomDynamicsCrmAgGrid/
# Checking page: Libraries/DomDynamicsCrmGrid/
# Checking page: Libraries/DomDynamicsCrmUnifiedInterfaceGrid/
# Checking page: Libraries/DomDynamicsCrmUnifiedInterfaceList/
# Checking page: Libraries/ses_lib_salesforce/
# Checking page: Libraries/DomLightningComboBox/
# Checking page: Libraries/DomLightningGrid/
# Checking page: Libraries/DomLightningListBox/
# Checking page: Libraries/DomSalesforceGrid/
# Checking page: Libraries/ses_lib_domsap/
# Checking page: Libraries/DomSAPButton/
# Checking page: Libraries/DomSAPCalendar/
# Checking page: Libraries/DomSAPCombobox/
# Checking page: Libraries/DomSAPGrid/
# Checking page: Libraries/DomSAPInput/
# Checking page: Libraries/DomSAPRadioGroup/
# Checking page: Libraries/DomSAPTable/
# Checking page: Manuals/Rpa/
# Checking page: Intro/training/
# Checking page: Intro/uitap/
# Checking page: New/7_4/
# Checking page: New/7_3/
# Checking page: New/7_2/
# Checking page: New/7_1/
# Checking page: New/7_0/
# Checking page: New/6_7/
not ok 719 - Problem with page: http://127.0.0.1:8000/New/6_7/
#     Failed test
not ok 720 - Broken url: http://127.0.0.1:8000/New/6_7/../Guide/object_spy_mobile.md/#toolbar-second-row
#     Failed test
not ok 721 - Return code: 404
#     Failed test
# Checking page: New/6_6/
# Checking page: New/6_5/
# Checking page: New/6_4/
# Checking page: New/6_3/
# Checking page: New/6_2/
# Checking page: New/Roadmap/
# Checking page: web/
# Checking page: desktop/
# Checking page: mobile/
# Checking page: api/
# Checking page: codeless/
# Checking page: dynamics/
not ok 722 - CheckAllLinks
#     Failed test
